python : C:\Users\PRATIK SAWA
NT\AppData\Local\Programs\Pyt
hon\Python313\Lib\site-packag
es\sklearn\base.py:442: 
InconsistentVersionWarning: 
Trying to unpickle estimator 
TfidfTransformer from 
version 1.3.2 when using 
version 1.7.2. This might 
lead to breaking code or 
invalid results. Use at your 
own risk. For more info 
please refer to:
At line:1 char:1
+ python 
backend/ml/test_images.py > 
test_output.txt 2>&1
+ ~~~~~~~~~~~~~~~~~~~~~~~~~~~
~~~~~~~~~~~~~~~~~~~~~~~~~~~~
    + CategoryInfo           
   : NotSpecified: (C:\User  
  s\PRATIK...lease refer t   
 o::String) [], RemoteExc    
eption
    + FullyQualifiedErrorId  
   : NativeCommandError
 
https://scikit-learn.org/stab
le/model_persistence.html#sec
urity-maintainability-limitat
ions
  warnings.warn(
C:\Users\PRATIK SAWANT\AppDat
a\Local\Programs\Python\Pytho
n313\Lib\site-packages\sklear
n\base.py:442: 
InconsistentVersionWarning: 
Trying to unpickle estimator 
TfidfVectorizer from version 
1.3.2 when using version 
1.7.2. This might lead to 
breaking code or invalid 
results. Use at your own 
risk. For more info please 
refer to:
https://scikit-learn.org/stab
le/model_persistence.html#sec
urity-maintainability-limitat
ions
  warnings.warn(
C:\Users\PRATIK SAWANT\AppDat
a\Local\Programs\Python\Pytho
n313\Lib\site-packages\sklear
n\base.py:442: 
InconsistentVersionWarning: 
Trying to unpickle estimator 
DecisionTreeClassifier from 
version 1.3.2 when using 
version 1.7.2. This might 
lead to breaking code or 
invalid results. Use at your 
own risk. For more info 
please refer to:
https://scikit-learn.org/stab
le/model_persistence.html#sec
urity-maintainability-limitat
ions
  warnings.warn(
C:\Users\PRATIK SAWANT\AppDat
a\Local\Programs\Python\Pytho
n313\Lib\site-packages\sklear
n\base.py:442: 
InconsistentVersionWarning: 
Trying to unpickle estimator 
RandomForestClassifier from 
version 1.3.2 when using 
version 1.7.2. This might 
lead to breaking code or 
invalid results. Use at your 
own risk. For more info 
please refer to:
https://scikit-learn.org/stab
le/model_persistence.html#sec
urity-maintainability-limitat
ions
  warnings.warn(
C:\Users\PRATIK SAWANT\AppDat
a\Local\Programs\Python\Pytho
n313\Lib\site-packages\sklear
n\base.py:442: 
InconsistentVersionWarning: 
Trying to unpickle estimator 
Pipeline from version 1.3.2 
when using version 1.7.2. 
This might lead to breaking 
code or invalid results. Use 
at your own risk. For more 
info please refer to:
https://scikit-learn.org/stab
le/model_persistence.html#sec
urity-maintainability-limitat
ions
  warnings.warn(
Model loaded.

========================================
Testing Image 1: uploaded_image_0_1764836094194.png
========================================
OCR Try 1: With Preprocessing
Extracted text (162 chars):
60)

ZOMATO ORDER

Derbes fry; FL Ze

Date: Levlisgtaa

Mattes ôShiehes 29 O00
emtiie? Hanh (7) Te ath

Ir livery Fer T4 30

TXYTAL 2470.00

Rent goa Eos orbrsiny
Extracted: Date=2025-12-04, Amount=2470.0, Desc=ORDER Derbes fry, Type=expense
Traceback (most recent call 
last):
  File "C:\Users\PRATIK SAWAN
T\Desktop\SmartCA-P1\backend\
ml\test_images.py", line 79, 
in test_images
    print(f"\u2705 
Extracted:")
    ~~~~~^^^^^^^^^^^^^^^^^^
  File "C:\Users\PRATIK SAWAN
T\AppData\Local\Programs\Pyth
on\Python313\Lib\encodings\cp
1252.py", line 19, in encode
    return codecs.charmap_enc
ode(input,self.errors,encodin
g_table)[0]
           ~~~~~~~~~~~~~~~~~~
~~~^^^^^^^^^^^^^^^^^^^^^^^^^^
^^^^^^^^
UnicodeEncodeError: 
'charmap' codec can't encode 
character '\u2705' in 
position 0: character maps 
to <undefined>

During handling of the above 
exception, another exception 
occurred:

Traceback (most recent call 
last):
  File "C:\Users\PRATIK SAWAN
T\Desktop\SmartCA-P1\backend\
ml\test_images.py", line 92, 
in <module>
    test_images()
    ~~~~~~~~~~~^^
  File "C:\Users\PRATIK SAWAN
T\Desktop\SmartCA-P1\backend\
ml\test_images.py", line 89, 
in test_images
    print(f"\u274c Error 
processing image: {e}")
    ~~~~~^^^^^^^^^^^^^^^^^^^^
^^^^^^^^^^^^^^^
  File "C:\Users\PRATIK SAWAN
T\AppData\Local\Programs\Pyth
on\Python313\Lib\encodings\cp
1252.py", line 19, in encode
    return codecs.charmap_enc
ode(input,self.errors,encodin
g_table)[0]
           ~~~~~~~~~~~~~~~~~~
~~~^^^^^^^^^^^^^^^^^^^^^^^^^^
^^^^^^^^
UnicodeEncodeError: 
'charmap' codec can't encode 
character '\u274c' in 
position 0: character maps 
to <undefined>
